$ cd /workspace/shadcn-ui && pnpm add lucide-react
Progress: resolved 0, reused 1, downloaded 0, added 0
Progress: resolved 51, reused 51, downloaded 0, added 0
Progress: resolved 219, reused 219, downloaded 0, added 0
 WARN  1 deprecated subdependencies found: rollup-plugin-terser@7.0.2
Already up to date
Progress: resolved 521, reused 445, downloaded 0, added 0
Progress: resolved 521, reused 445, downloaded 0, added 0, done

Done in 5.8s
$ cd /workspace/shadcn-ui && pnpm add @radix-ui/react-progress

Progress: resolved 0, reused 1, downloaded 0, added 0
Progress: resolved 59, reused 59, downloaded 0, added 0
Progress: resolved 254, reused 254, downloaded 0, added 0
 WARN  1 deprecated subdependencies found: rollup-plugin-terser@7.0.2
Already up to date
Progress: resolved 521, reused 445, downloaded 0, added 0
Progress: resolved 521, reused 445, downloaded 0, added 0, done

Done in 5.8s
$ cd /workspace/shadcn-ui && pnpm i

Lockfile is up to date, resolution step is skipped
Packages: +445
++++++++++++++++++++++++++++++++++++++++++++++++++++++++++++++++++++++++++++++++
.../core-js@3.46.0/node_modules/core-js postinstall$ node -e "try{require('./postinstall')}catch(e){}"
.../core-js@3.46.0/node_modules/core-js postinstall: Done
.../node_modules/@swc/core postinstall$ node postinstall.js
.../node_modules/@swc/core postinstall: Done
.../esbuild@0.21.5/node_modules/esbuild postinstall$ node install.js
.../esbuild@0.25.10/node_modules/esbuild postinstall$ node install.js
.../esbuild@0.21.5/node_modules/esbuild postinstall: Done
.../esbuild@0.25.10/node_modules/esbuild postinstall: Done

Done in 1.9s
$ cd /workspace/shadcn-ui && pnpm run lint


> shadcnui@ lint /workspace/shadcn-ui
> eslint --quiet ./src

$ cd /workspace/shadcn-ui && pnpm run build


> shadcnui@ build /workspace/shadcn-ui
> vite build

vite v5.4.20 building for production...
transforming...
✓ 2112 modules transformed.
x Build failed in 5.36s
error during build:
src/pages/Index.tsx (26:9): "getGeoData" is not exported by "src/lib/geoData.ts", imported by "src/pages/Index.tsx".
file: /workspace/shadcn-ui/src/pages/Index.tsx:26:9

24: import AdvancedRiskSimulation from '@/components/AdvancedRiskSimulation';
25: import { calculateRisk } from '@/lib/riskCalculator';
26: import { getGeoData } from '@/lib/geoData';
             ^
27: 
28: // Veredas reales de San Pedro de los Milagros

    at getRollupError (file:///workspace/shadcn-ui/node_modules/.pnpm/rollup@4.52.4/node_modules/rollup/dist/es/shared/parseAst.js:401:41)
    at error (file:///workspace/shadcn-ui/node_modules/.pnpm/rollup@4.52.4/node_modules/rollup/dist/es/shared/parseAst.js:397:42)
    at Module.error (file:///workspace/shadcn-ui/node_modules/.pnpm/rollup@4.52.4/node_modules/rollup/dist/es/shared/node-entry.js:16939:16)
    at Module.traceVariable (file:///workspace/shadcn-ui/node_modules/.pnpm/rollup@4.52.4/node_modules/rollup/dist/es/shared/node-entry.js:17391:29)
    at ModuleScope.findVariable (file:///workspace/shadcn-ui/node_modules/.pnpm/rollup@4.52.4/node_modules/rollup/dist/es/shared/node-entry.js:15061:39)
    at ReturnValueScope.findVariable (file:///workspace/shadcn-ui/node_modules/.pnpm/rollup@4.52.4/node_modules/rollup/dist/es/shared/node-entry.js:5642:38)
    at FunctionBodyScope.findVariable (file:///workspace/shadcn-ui/node_modules/.pnpm/rollup@4.52.4/node_modules/rollup/dist/es/shared/node-entry.js:5642:38)
    at ReturnValueScope.findVariable (file:///workspace/shadcn-ui/node_modules/.pnpm/rollup@4.52.4/node_modules/rollup/dist/es/shared/node-entry.js:5642:38)
    at FunctionBodyScope.findVariable (file:///workspace/shadcn-ui/node_modules/.pnpm/rollup@4.52.4/node_modules/rollup/dist/es/shared/node-entry.js:5642:38)
    at Identifier.bind (file:///workspace/shadcn-ui/node_modules/.pnpm/rollup@4.52.4/node_modules/rollup/dist/es/shared/node-entry.js:5413:40)
 ELIFECYCLE  Command failed with exit code 1.
$ cd /workspace/shadcn-ui

$ cd /workspace/shadcn-ui && pnpm add html2canvas @radix-ui/react-tabs @radix-ui/react-separator

Progress: resolved 1, reused 0, downloaded 0, added 0
Progress: resolved 1, reused 1, downloaded 0, added 0
Progress: resolved 75, reused 75, downloaded 0, added 0
Progress: resolved 290, reused 290, downloaded 0, added 0
 WARN  1 deprecated subdependencies found: rollup-plugin-terser@7.0.2
Already up to date
Progress: resolved 521, reused 445, downloaded 0, added 0
Progress: resolved 521, reused 445, downloaded 0, added 0, done

dependencies:
+ html2canvas 1.4.1

Done in 6.1s
